#1 [internal] load local bake definitions
#1 reading from stdin 1.71kB done
#1 DONE 0.0s

#2 [api internal] load build definition from Dockerfile
#2 transferring dockerfile: 413B done
#2 DONE 0.0s

#3 [web internal] load build definition from Dockerfile
#3 transferring dockerfile: 476B done
#3 DONE 0.0s

#4 [avatar-worker internal] load build definition from Dockerfile
#4 transferring dockerfile: 1.16kB done
#4 DONE 0.1s

#5 [avatar-worker internal] load metadata for nvcr.io/nvidia/tensorrt:25.02-py3
#5 DONE 0.7s

#6 [web internal] load metadata for docker.io/library/nginx:1.27-alpine
#6 DONE 0.7s

#7 [avatar-worker 1/7] FROM nvcr.io/nvidia/tensorrt:25.02-py3@sha256:814325e2b8a653f354c30bbcf5ecc8d4c780cf878a88a320ae648fbfdd9dd82d
#7 resolve nvcr.io/nvidia/tensorrt:25.02-py3@sha256:814325e2b8a653f354c30bbcf5ecc8d4c780cf878a88a320ae648fbfdd9dd82d 0.0s done
#7 DONE 0.0s

#8 [avatar-worker 2/7] WORKDIR /worker
#8 CACHED

#9 [avatar-worker 3/7] RUN apt-get update && DEBIAN_FRONTEND=noninteractive apt-get install -y --no-install-recommends espeak-ng ffmpeg libgl1 libegl1 libgles2 libglib2.0-0 && rm -rf /var/lib/apt/lists/*
#9 27.83 Preparing to unpack .../150-libzimg2_3.0.5+ds1-1build1_amd64.deb ...
#9 27.84 Unpacking libzimg2:amd64 (3.0.5+ds1-1build1) ...
#9 27.88 Selecting previously unselected package libavfilter9:amd64.
#9 27.88 Preparing to unpack .../151-libavfilter9_7%3a6.1.1-3ubuntu5_amd64.deb ...
#9 27.89 Unpacking libavfilter9:amd64 (7:6.1.1-3ubuntu5) ...
#9 27.98 Selecting previously unselected package libcaca0:amd64.
#9 27.98 Preparing to unpack .../152-libcaca0_0.99.beta20-4ubuntu0.2_amd64.deb ...
#9 27.99 Unpacking libcaca0:amd64 (0.99.beta20-4ubuntu0.2) ...
#9 28.04 Selecting previously unselected package libcdio19t64:amd64.
#9 28.04 Preparing to unpack .../153-libcdio19t64_2.1.0-4.1ubuntu1.2_amd64.deb ...
#9 28.04 Unpacking libcdio19t64:amd64 (2.1.0-4.1ubuntu1.2) ...
#9 28.09 Selecting previously unselected package libcdio-cdda2t64:amd64.
#9 28.09 Preparing to unpack .../154-libcdio-cdda2t64_10.2+2.0.1-1.1build2_amd64.deb ...
#9 28.09 Unpacking libcdio-cdda2t64:amd64 (10.2+2.0.1-1.1build2) ...
#9 28.13 Selecting previously unselected package libcdio-paranoia2t64:amd64.
#9 28.14 Preparing to unpack .../155-libcdio-paranoia2t64_10.2+2.0.1-1.1build2_amd64.deb ...
#9 28.14 Unpacking libcdio-paranoia2t64:amd64 (10.2+2.0.1-1.1build2) ...
#9 28.18 Selecting previously unselected package libdc1394-25:amd64.
#9 28.18 Preparing to unpack .../156-libdc1394-25_2.2.6-4build1_amd64.deb ...
#9 28.19 Unpacking libdc1394-25:amd64 (2.2.6-4build1) ...
#9 28.23 Selecting previously unselected package libglvnd0:amd64.
#9 28.23 Preparing to unpack .../157-libglvnd0_1.7.0-1build1_amd64.deb ...
#9 28.24 Unpacking libglvnd0:amd64 (1.7.0-1build1) ...
#9 28.29 Selecting previously unselected package libxcb-glx0:amd64.
#9 28.29 Preparing to unpack .../158-libxcb-glx0_1.15-1ubuntu2_amd64.deb ...
#9 28.29 Unpacking libxcb-glx0:amd64 (1.15-1ubuntu2) ...
#9 28.34 Selecting previously unselected package libxcb-present0:amd64.
#9 28.34 Preparing to unpack .../159-libxcb-present0_1.15-1ubuntu2_amd64.deb ...
#9 28.34 Unpacking libxcb-present0:amd64 (1.15-1ubuntu2) ...
#9 28.39 Selecting previously unselected package libxcb-xfixes0:amd64.
#9 28.39 Preparing to unpack .../160-libxcb-xfixes0_1.15-1ubuntu2_amd64.deb ...
#9 28.40 Unpacking libxcb-xfixes0:amd64 (1.15-1ubuntu2) ...
#9 28.43 Selecting previously unselected package libxxf86vm1:amd64.
#9 28.44 Preparing to unpack .../161-libxxf86vm1_1%3a1.1.4-1build4_amd64.deb ...
#9 28.44 Unpacking libxxf86vm1:amd64 (1:1.1.4-1build4) ...
#9 28.48 Selecting previously unselected package libdrm-amdgpu1:amd64.
#9 28.48 Preparing to unpack .../162-libdrm-amdgpu1_2.4.125-1ubuntu0.1~24.04.2_amd64.deb ...
#9 28.49 Unpacking libdrm-amdgpu1:amd64 (2.4.125-1ubuntu0.1~24.04.2) ...
#9 28.52 Selecting previously unselected package libllvm20:amd64.
#9 28.53 Preparing to unpack .../163-libllvm20_1%3a20.1.2-0ubuntu1~24.04.3_amd64.deb ...
#9 28.53 Unpacking libllvm20:amd64 (1:20.1.2-0ubuntu1~24.04.3) ...
#9 29.03 Selecting previously unselected package libxcb-randr0:amd64.
#9 29.03 Preparing to unpack .../164-libxcb-randr0_1.15-1ubuntu2_amd64.deb ...
#9 29.04 Unpacking libxcb-randr0:amd64 (1.15-1ubuntu2) ...
#9 29.08 Selecting previously unselected package libxcb-sync1:amd64.
#9 29.08 Preparing to unpack .../165-libxcb-sync1_1.15-1ubuntu2_amd64.deb ...
#9 29.09 Unpacking libxcb-sync1:amd64 (1.15-1ubuntu2) ...
#9 29.13 Selecting previously unselected package libxshmfence1:amd64.
#9 29.13 Preparing to unpack .../166-libxshmfence1_1.3-1build5_amd64.deb ...
#9 29.15 Unpacking libxshmfence1:amd64 (1.3-1build5) ...
#9 29.19 Selecting previously unselected package mesa-libgallium:amd64.
#9 29.19 Preparing to unpack .../167-mesa-libgallium_25.2.8-0ubuntu0.24.04.2_amd64.deb ...
#9 29.19 Unpacking mesa-libgallium:amd64 (25.2.8-0ubuntu0.24.04.2) ...
#9 29.38 Selecting previously unselected package libgbm1:amd64.
#9 29.38 Preparing to unpack .../168-libgbm1_25.2.8-0ubuntu0.24.04.2_amd64.deb ...
#9 29.38 Unpacking libgbm1:amd64 (25.2.8-0ubuntu0.24.04.2) ...
#9 29.42 Selecting previously unselected package libgl1-mesa-dri:amd64.
#9 29.43 Preparing to unpack .../169-libgl1-mesa-dri_25.2.8-0ubuntu0.24.04.2_amd64.deb ...
#9 29.45 Unpacking libgl1-mesa-dri:amd64 (25.2.8-0ubuntu0.24.04.2) ...
#9 29.49 Selecting previously unselected package libglx-mesa0:amd64.
#9 29.49 Preparing to unpack .../170-libglx-mesa0_25.2.8-0ubuntu0.24.04.2_amd64.deb ...
#9 29.50 Unpacking libglx-mesa0:amd64 (25.2.8-0ubuntu0.24.04.2) ...
#9 29.54 Selecting previously unselected package libglx0:amd64.
#9 29.54 Preparing to unpack .../171-libglx0_1.7.0-1build1_amd64.deb ...
#9 29.55 Unpacking libglx0:amd64 (1.7.0-1build1) ...
#9 29.59 Selecting previously unselected package libgl1:amd64.
#9 29.59 Preparing to unpack .../172-libgl1_1.7.0-1build1_amd64.deb ...
#9 29.60 Unpacking libgl1:amd64 (1.7.0-1build1) ...
#9 29.64 Selecting previously unselected package libiec61883-0:amd64.
#9 29.64 Preparing to unpack .../173-libiec61883-0_1.2.0-6build1_amd64.deb ...
#9 29.64 Unpacking libiec61883-0:amd64 (1.2.0-6build1) ...
#9 29.68 Selecting previously unselected package libjack-jackd2-0:amd64.
#9 29.68 Preparing to unpack .../174-libjack-jackd2-0_1.9.21~dfsg-3ubuntu3_amd64.deb ...
#9 29.69 Unpacking libjack-jackd2-0:amd64 (1.9.21~dfsg-3ubuntu3) ...
#9 29.73 Selecting previously unselected package libopenal-data.
#9 29.73 Preparing to unpack .../175-libopenal-data_1%3a1.23.1-4build1_all.deb ...
#9 29.74 Unpacking libopenal-data (1:1.23.1-4build1) ...
#9 29.78 Selecting previously unselected package libsndio7.0:amd64.
#9 29.78 Preparing to unpack .../176-libsndio7.0_1.9.0-0.3build3_amd64.deb ...
#9 29.78 Unpacking libsndio7.0:amd64 (1.9.0-0.3build3) ...
#9 29.83 Selecting previously unselected package libopenal1:amd64.
#9 29.83 Preparing to unpack .../177-libopenal1_1%3a1.23.1-4build1_amd64.deb ...
#9 29.83 Unpacking libopenal1:amd64 (1:1.23.1-4build1) ...
#9 29.88 Selecting previously unselected package libdecor-0-0:amd64.
#9 29.88 Preparing to unpack .../178-libdecor-0-0_0.2.2-1build2_amd64.deb ...
#9 29.89 Unpacking libdecor-0-0:amd64 (0.2.2-1build2) ...
#9 29.93 Selecting previously unselected package libwayland-cursor0:amd64.
#9 29.93 Preparing to unpack .../179-libwayland-cursor0_1.22.0-2.1build1_amd64.deb ...
#9 29.93 Unpacking libwayland-cursor0:amd64 (1.22.0-2.1build1) ...
#9 29.98 Selecting previously unselected package libwayland-egl1:amd64.
#9 29.98 Preparing to unpack .../180-libwayland-egl1_1.22.0-2.1build1_amd64.deb ...
#9 29.98 Unpacking libwayland-egl1:amd64 (1.22.0-2.1build1) ...
#9 30.02 Selecting previously unselected package libxcursor1:amd64.
#9 30.02 Preparing to unpack .../181-libxcursor1_1%3a1.2.1-1build1_amd64.deb ...
#9 30.03 Unpacking libxcursor1:amd64 (1:1.2.1-1build1) ...
#9 30.07 Selecting previously unselected package libxi6:amd64.
#9 30.07 Preparing to unpack .../182-libxi6_2%3a1.8.1-1build1_amd64.deb ...
#9 30.08 Unpacking libxi6:amd64 (2:1.8.1-1build1) ...
#9 30.12 Selecting previously unselected package libxrandr2:amd64.
#9 30.12 Preparing to unpack .../183-libxrandr2_2%3a1.5.2-2build1_amd64.deb ...
#9 30.13 Unpacking libxrandr2:amd64 (2:1.5.2-2build1) ...
#9 30.17 Selecting previously unselected package x11-common.
#9 30.17 Preparing to unpack .../184-x11-common_1%3a7.7+23ubuntu3_all.deb ...
#9 30.18 Unpacking x11-common (1:7.7+23ubuntu3) ...
#9 30.23 Selecting previously unselected package libxss1:amd64.
#9 30.23 Preparing to unpack .../185-libxss1_1%3a1.2.3-1build3_amd64.deb ...
#9 30.24 Unpacking libxss1:amd64 (1:1.2.3-1build3) ...
#9 30.28 Selecting previously unselected package libsdl2-2.0-0:amd64.
#9 30.28 Preparing to unpack .../186-libsdl2-2.0-0_2.30.0+dfsg-1ubuntu3.1_amd64.deb ...
#9 30.29 Unpacking libsdl2-2.0-0:amd64 (2.30.0+dfsg-1ubuntu3.1) ...
#9 30.34 Selecting previously unselected package libxcb-shape0:amd64.
#9 30.34 Preparing to unpack .../187-libxcb-shape0_1.15-1ubuntu2_amd64.deb ...
#9 30.34 Unpacking libxcb-shape0:amd64 (1.15-1ubuntu2) ...
#9 30.38 Selecting previously unselected package libxv1:amd64.
#9 30.38 Preparing to unpack .../188-libxv1_2%3a1.0.11-1.1build1_amd64.deb ...
#9 30.39 Unpacking libxv1:amd64 (2:1.0.11-1.1build1) ...
#9 30.43 Selecting previously unselected package libavdevice60:amd64.
#9 30.44 Preparing to unpack .../189-libavdevice60_7%3a6.1.1-3ubuntu5_amd64.deb ...
#9 30.44 Unpacking libavdevice60:amd64 (7:6.1.1-3ubuntu5) ...
#9 30.48 Selecting previously unselected package ffmpeg.
#9 30.48 Preparing to unpack .../190-ffmpeg_7%3a6.1.1-3ubuntu5_amd64.deb ...
#9 30.48 Unpacking ffmpeg (7:6.1.1-3ubuntu5) ...
#9 30.54 Selecting previously unselected package libegl-mesa0:amd64.
#9 30.54 Preparing to unpack .../191-libegl-mesa0_25.2.8-0ubuntu0.24.04.2_amd64.deb ...
#9 30.54 Unpacking libegl-mesa0:amd64 (25.2.8-0ubuntu0.24.04.2) ...
#9 30.59 Preparing to unpack .../192-libssh-4_0.10.6-2ubuntu0.4_amd64.deb ...
#9 30.60 Unpacking libssh-4:amd64 (0.10.6-2ubuntu0.4) over (0.10.6-2build2) ...
#9 30.67 Selecting previously unselected package libegl1:amd64.
#9 30.67 Preparing to unpack .../193-libegl1_1.7.0-1build1_amd64.deb ...
#9 30.67 Unpacking libegl1:amd64 (1.7.0-1build1) ...
#9 30.71 Selecting previously unselected package libgles2:amd64.
#9 30.71 Preparing to unpack .../194-libgles2_1.7.0-1build1_amd64.deb ...
#9 30.72 Unpacking libgles2:amd64 (1.7.0-1build1) ...
#9 30.76 Setting up libgme0:amd64 (0.6.3-7build1) ...
#9 30.78 Setting up libchromaprint1:amd64 (1.5.1-5) ...
#9 30.79 Setting up libssh-gcrypt-4:amd64 (0.10.6-2ubuntu0.4) ...
#9 30.81 Setting up libhwy1t64:amd64 (1.0.7-8.1build1) ...
#9 30.82 Setting up libgraphite2-3:amd64 (1.3.14-2ubuntu0.24.04.1) ...
#9 30.84 Setting up liblcms2-2:amd64 (2.14-2ubuntu0.1) ...
#9 30.85 Setting up libpixman-1-0:amd64 (0.42.2-1build1) ...
#9 30.87 Setting up libudfread0:amd64 (1.1.2-1build1) ...
#9 30.89 Setting up libnorm1t64:amd64 (1.5.9+dfsg-3.1build1) ...
#9 30.90 Setting up libsharpyuv0:amd64 (1.3.2-0.4build3) ...
#9 30.92 Setting up libaom3:amd64 (3.8.2-2ubuntu0.1) ...
#9 30.93 Setting up libpciaccess0:amd64 (0.17-3ubuntu0.24.04.2) ...
#9 30.95 Setting up librabbitmq4:amd64 (0.11.0-1ubuntu0.1) ...
#9 30.96 Setting up libxau6:amd64 (1:1.0.9-1build6) ...
#9 30.98 Setting up libxdmcp6:amd64 (1:1.1.3-0ubuntu6) ...
#9 30.99 Setting up libraw1394-11:amd64 (2.1.2-2build3) ...
#9 31.01 Setting up libapparmor1:amd64 (4.0.1really4.0.1-0ubuntu0.24.04.7) ...
#9 31.02 Setting up libxcb1:amd64 (1.15-1ubuntu2) ...
#9 31.04 Setting up libxcb-xfixes0:amd64 (1.15-1ubuntu2) ...
#9 31.05 Setting up libogg0:amd64 (1.3.5-3build1) ...
#9 31.07 Setting up liblerc4:amd64 (4.0.0+ds-4ubuntu2) ...
#9 31.08 Setting up libspeex1:amd64 (1.2.1-2ubuntu2.24.04.1) ...
#9 31.10 Setting up libshine3:amd64 (3.1.1-2build1) ...
#9 31.11 Setting up libx264-164:amd64 (2:0.164.3108+git31e19f9-1) ...
#9 31.13 Setting up libtwolame0:amd64 (0.4.0-2build3) ...
#9 31.14 Setting up libmbedcrypto7t64:amd64 (2.28.8-1) ...
#9 31.16 Setting up libdatrie1:amd64 (0.2.13-3build1) ...
#9 31.18 Setting up libgsm1:amd64 (1.0.22-1build1) ...
#9 31.19 Setting up libxcb-render0:amd64 (1.15-1ubuntu2) ...
#9 31.21 Setting up libzix-0-0:amd64 (0.4.2-2build1) ...
#9 31.22 Setting up libglvnd0:amd64 (1.7.0-1build1) ...
#9 31.24 Setting up libcodec2-1.2:amd64 (1.2.0-2build1) ...
#9 31.25 Setting up libxcb-glx0:amd64 (1.15-1ubuntu2) ...
#9 31.27 Setting up libgdk-pixbuf2.0-common (2.42.10+dfsg-3ubuntu3.3) ...
#9 31.28 Setting up libmysofa1:amd64 (1.3.2+dfsg-2ubuntu2) ...
#9 31.30 Setting up libxcb-shape0:amd64 (1.15-1ubuntu2) ...
#9 31.31 Setting up x11-common (1:7.7+23ubuntu3) ...
#9 31.46 invoke-rc.d: could not determine current runlevel
#9 31.47 invoke-rc.d: policy-rc.d denied execution of start.
#9 31.48 Setting up libsensors-config (1:3.6.0-9build1) ...
#9 31.50 Setting up libcdio19t64:amd64 (2.1.0-4.1ubuntu1.2) ...
#9 31.52 Setting up libdeflate0:amd64 (1.19-1build1.1) ...
#9 31.53 Setting up xkb-data (2.41-2ubuntu1.1) ...
#9 31.55 Setting up libsvtav1enc1d1:amd64 (1.7.0+dfsg-2build1) ...
#9 31.56 Setting up libxcb-shm0:amd64 (1.15-1ubuntu2) ...
#9 31.58 Setting up libmpg123-0t64:amd64 (1.32.5-1ubuntu1.1) ...
#9 31.60 Setting up libgomp1:amd64 (14.2.0-4ubuntu2~24.04.1) ...
#9 31.61 Setting up libcjson1:amd64 (1.7.17-1) ...
#9 31.63 Setting up libxvidcore4:amd64 (2:1.3.7-1build1) ...
#9 31.64 Setting up libjbig0:amd64 (2.1-6.1ubuntu2) ...
#9 31.66 Setting up librav1e0:amd64 (0.7.1-2) ...
#9 31.67 Setting up libelf1t64:amd64 (0.190-1.1ubuntu0.1) ...
#9 31.69 Setting up libsnappy1v5:amd64 (1.1.10-1build1) ...
#9 31.70 Setting up libcdio-cdda2t64:amd64 (10.2+2.0.1-1.1build2) ...
#9 31.72 Setting up librist4:amd64 (0.2.10+dfsg-2) ...
#9 31.73 Setting up libxcb-present0:amd64 (1.15-1ubuntu2) ...
#9 31.75 Setting up libasound2-data (1.2.11-1ubuntu0.3) ...
#9 31.76 Setting up libpgm-5.3-0t64:amd64 (5.3.128~dfsg-2.1build1) ...
#9 31.78 Setting up libglib2.0-0t64:amd64 (2.80.0-6ubuntu3.8) ...
#9 31.80 No schema files found: doing nothing.
#9 31.80 Setting up libblas3:amd64 (3.12.0-3build1.1) ...
#9 31.83 update-alternatives: using /usr/lib/x86_64-linux-gnu/blas/libblas.so.3 to provide /usr/lib/x86_64-linux-gnu/libblas.so.3 (libblas.so.3-x86_64-linux-gnu) in auto mode
#9 31.84 Setting up libgles2:amd64 (1.7.0-1build1) ...
#9 31.85 Setting up libasound2t64:amd64 (1.2.11-1ubuntu0.3) ...
#9 31.87 Setting up libslang2:amd64 (2.3.3-3build2) ...
#9 31.89 Setting up libva2:amd64 (2.20.0-2ubuntu0.2) ...
#9 31.90 Setting up libx11-data (2:1.8.7-1build1) ...
#9 31.92 Setting up libxcb-sync1:amd64 (1.15-1ubuntu2) ...
#9 31.93 Setting up libdbus-1-3:amd64 (1.14.10-4ubuntu4.1) ...
#9 31.95 Setting up libfribidi0:amd64 (1.0.13-3build1) ...
#9 31.96 Setting up libopus0:amd64 (1.4-1build1) ...
#9 31.98 Setting up libquadmath0:amd64 (14.2.0-4ubuntu2~24.04.1) ...
#9 31.99 Setting up libcdio-paranoia2t64:amd64 (10.2+2.0.1-1.1build2) ...
#9 32.01 Setting up fonts-dejavu-mono (2.37-8) ...
#9 32.04 Setting up libpng16-16t64:amd64 (1.6.43-5ubuntu0.6) ...
#9 32.06 Setting up libatomic1:amd64 (14.2.0-4ubuntu2~24.04.1) ...
#9 32.07 Setting up libvorbis0a:amd64 (1.3.7-1build3) ...
#9 32.09 Setting up libunibreak5:amd64 (5.1-2build1) ...
#9 32.10 Setting up fonts-dejavu-core (2.37-8) ...
#9 32.21 Setting up libsensors5:amd64 (1:3.6.0-9build1) ...
#9 32.23 Setting up libjxl0.7:amd64 (0.7.0-10.2ubuntu6.1) ...
#9 32.25 Setting up libjpeg-turbo8:amd64 (2.1.5-2ubuntu2) ...
#9 32.26 Setting up libsonic0:amd64 (0.2.0-13build1) ...
#9 32.28 Setting up libfftw3-double3:amd64 (3.3.10-1ubuntu3) ...
#9 32.29 Setting up libssh-4:amd64 (0.10.6-2ubuntu0.4) ...
#9 32.31 Setting up libgfortran5:amd64 (14.2.0-4ubuntu2~24.04.1) ...
#9 32.32 Setting up libvulkan1:amd64 (1.3.275.0-1build1) ...
#9 32.34 Setting up libx265-199:amd64 (3.5-2build1) ...
#9 32.35 Setting up libwebp7:amd64 (1.3.2-0.4build3) ...
#9 32.37 Setting up libubsan1:amd64 (14.2.0-4ubuntu2~24.04.1) ...
#9 32.38 Setting up libsndio7.0:amd64 (1.9.0-0.3build3) ...
#9 32.40 Setting up libicu74:amd64 (74.2-1ubuntu3.1) ...
#9 32.42 Setting up libvidstab1.1:amd64 (1.1.0-2build1) ...
#9 32.43 Setting up libvpx9:amd64 (1.14.0-1ubuntu2.3) ...
#9 32.45 Setting up libsrt1.5-gnutls:amd64 (1.5.3-1build2) ...
#9 32.46 Setting up libflite1:amd64 (2.2-6build3) ...
#9 32.48 Setting up libdav1d7:amd64 (1.4.1-1build1) ...
#9 32.50 Setting up ocl-icd-libopencl1:amd64 (2.3.2-1build1) ...
#9 32.51 Setting up libasyncns0:amd64 (0.8-6build4) ...
#9 32.53 Setting up libxshmfence1:amd64 (1.3-1build5) ...
#9 32.54 Setting up libhwasan0:amd64 (14.2.0-4ubuntu2~24.04.1) ...
#9 32.56 Setting up libbs2b0:amd64 (3.1.0+dfsg-7build1) ...
#9 32.57 Setting up libxcb-randr0:amd64 (1.15-1ubuntu2) ...
#9 32.59 Setting up libasan8:amd64 (14.2.0-4ubuntu2~24.04.1) ...
#9 32.60 Setting up libzimg2:amd64 (3.0.5+ds1-1build1) ...
#9 32.62 Setting up libopenjp2-7:amd64 (2.5.0-2ubuntu0.5) ...
#9 32.64 Setting up libx11-6:amd64 (2:1.8.7-1build1) ...
#9 32.65 Setting up libopenal-data (1:1.23.1-4build1) ...
#9 32.67 Setting up libthai-data (0.1.29-2build1) ...
#9 32.69 Setting up libflac12t64:amd64 (1.4.3+ds-2.1ubuntu2) ...
#9 32.70 Setting up libwayland-egl1:amd64 (1.22.0-2.1build1) ...
#9 32.72 Setting up libusb-1.0-0:amd64 (2:1.0.27-1) ...
#9 32.74 Setting up libtsan2:amd64 (14.2.0-4ubuntu2~24.04.1) ...
#9 32.75 Setting up libsamplerate0:amd64 (0.2.2-4build1) ...
#9 32.77 Setting up libwebpmux3:amd64 (1.3.2-0.4build3) ...
#9 32.79 Setting up libdrm-common (2.4.125-1ubuntu0.1~24.04.2) ...
#9 32.80 Setting up libxml2:amd64 (2.9.14+dfsg-1.3ubuntu3.8) ...
#9 32.82 Setting up libcc1-0:amd64 (14.2.0-4ubuntu2~24.04.1) ...
#9 32.83 Setting up libzvbi-common (0.2.42-2) ...
#9 32.85 Setting up liblsan0:amd64 (14.2.0-4ubuntu2~24.04.1) ...
#9 32.87 Setting up libmp3lame0:amd64 (3.100-6build1) ...
#9 32.88 Setting up libitm1:amd64 (14.2.0-4ubuntu2~24.04.1) ...
#9 32.90 Setting up espeak-ng-data:amd64 (1.51+dfsg-12build1) ...
#9 32.91 Setting up libvorbisenc2:amd64 (1.3.7-1build3) ...
#9 32.93 Setting up libiec61883-0:amd64 (1.2.0-6build1) ...
#9 32.94 Setting up libserd-0-0:amd64 (0.32.2-1) ...
#9 32.96 Setting up libxkbcommon0:amd64 (1.6.0-1build1) ...
#9 32.97 Setting up libwayland-client0:amd64 (1.22.0-2.1build1) ...
#9 32.99 Setting up libjpeg8:amd64 (8c-2ubuntu11) ...
#9 33.00 Setting up libavc1394-0:amd64 (0.5.4-5build3) ...
#9 33.02 Setting up libxcb-dri3-0:amd64 (1.15-1ubuntu2) ...
#9 33.03 Setting up libx11-xcb1:amd64 (2:1.8.7-1build1) ...
#9 33.05 Setting up liblapack3:amd64 (3.12.0-3build1.1) ...
#9 33.07 update-alternatives: using /usr/lib/x86_64-linux-gnu/lapack/liblapack.so.3 to provide /usr/lib/x86_64-linux-gnu/liblapack.so.3 (liblapack.so.3-x86_64-linux-gnu) in auto mode
#9 33.07 Setting up libzmq5:amd64 (4.3.5-1build2) ...
#9 33.09 Setting up libcaca0:amd64 (0.99.beta20-4ubuntu0.2) ...
#9 33.10 Setting up libzvbi0t64:amd64 (0.2.42-2) ...
#9 33.12 Setting up libxrender1:amd64 (1:0.9.10-1.1build1) ...
#9 33.13 Setting up libsoxr0:amd64 (0.1.3-4build3) ...
#9 33.15 Setting up fontconfig-config (2.15.0-1.1ubuntu2) ...
#9 33.57 Setting up libxext6:amd64 (2:1.3.4-1build2) ...
#9 33.58 Setting up libopenal1:amd64 (1:1.23.1-4build1) ...
#9 33.60 Setting up libxxf86vm1:amd64 (1:1.1.4-1build4) ...
#9 33.62 Setting up libthai0:amd64 (0.1.29-2build1) ...
#9 33.63 Setting up libvorbisfile3:amd64 (1.3.7-1build3) ...
#9 33.65 Setting up libplacebo338:amd64 (6.338.2-2build1) ...
#9 33.66 Setting up libfreetype6:amd64 (2.13.2+dfsg-1ubuntu0.1) ...
#9 33.68 Setting up libxfixes3:amd64 (1:6.0.0-2build1) ...
#9 33.69 Setting up shared-mime-info (2.4-4) ...
#9 36.27 Setting up libdc1394-25:amd64 (2.2.6-4build1) ...
#9 36.29 Setting up libxv1:amd64 (2:1.0.11-1.1build1) ...
#9 36.30 Setting up libxrandr2:amd64 (2:1.5.2-2build1) ...
#9 36.32 Setting up libllvm20:amd64 (1:20.1.2-0ubuntu1~24.04.3) ...
#9 36.34 Setting up librubberband2:amd64 (3.3.0+dfsg-2build1) ...
#9 36.35 Setting up libjack-jackd2-0:amd64 (1.9.21~dfsg-3ubuntu3) ...
#9 36.37 Setting up libdrm2:amd64 (2.4.125-1ubuntu0.1~24.04.2) ...
#9 36.38 Setting up libva-drm2:amd64 (2.20.0-2ubuntu0.2) ...
#9 36.40 Setting up libvdpau1:amd64 (1.5-2build1) ...
#9 36.42 Setting up libsord-0-0:amd64 (0.16.16-2build1) ...
#9 36.43 Setting up libtiff6:amd64 (4.5.1+git230720-4ubuntu2.5) ...
#9 36.45 Setting up libwayland-cursor0:amd64 (1.22.0-2.1build1) ...
#9 36.47 Setting up libsratom-0-0:amd64 (0.6.16-1build1) ...
#9 36.49 Setting up libdecor-0-0:amd64 (0.2.2-1build2) ...
#9 36.51 Setting up libharfbuzz0b:amd64 (8.3.0-2build2) ...
#9 36.52 Setting up libgdk-pixbuf-2.0-0:amd64 (2.42.10+dfsg-3ubuntu3.3) ...
#9 36.56 Setting up libxss1:amd64 (1:1.2.3-1build3) ...
#9 36.57 Setting up libfontconfig1:amd64 (2.15.0-1.1ubuntu2) ...
#9 36.59 Setting up libsndfile1:amd64 (1.2.2-1ubuntu5.24.04.1) ...
#9 36.61 Setting up libbluray2:amd64 (1:1.3.4-1build1) ...
#9 36.62 Setting up libva-x11-2:amd64 (2.20.0-2ubuntu0.2) ...
#9 36.64 Setting up liblilv-0-0:amd64 (0.24.22-1build1) ...
#9 36.65 Setting up libopenmpt0t64:amd64 (0.7.3-1.1build3) ...
#9 36.67 Setting up libdrm-amdgpu1:amd64 (2.4.125-1ubuntu0.1~24.04.2) ...
#9 36.68 Setting up fontconfig (2.15.0-1.1ubuntu2) ...
#9 36.70 Regenerating fonts cache... done.
#9 38.72 Setting up libxi6:amd64 (2:1.8.1-1build1) ...
#9 38.73 Setting up libpulse0:amd64 (1:16.1+dfsg1-2ubuntu10.1) ...
#9 38.77 Setting up libxcursor1:amd64 (1:1.2.1-1build1) ...
#9 38.79 Setting up libpango-1.0-0:amd64 (1.52.1+ds-1build1) ...
#9 38.80 Setting up libdrm-intel1:amd64 (2.4.125-1ubuntu0.1~24.04.2) ...
#9 38.82 Setting up libcairo2:amd64 (1.18.0-3build1) ...
#9 38.83 Setting up libsphinxbase3t64:amd64 (0.8+5prealpha+1-17build2) ...
#9 38.85 Setting up libass9:amd64 (1:0.17.1-2build1) ...
#9 38.86 Setting up libpcaudio0:amd64 (1.2-2build3) ...
#9 38.88 Setting up libtheora0:amd64 (1.1.1+dfsg.1-16.1build3) ...
#9 38.89 Setting up libcairo-gobject2:amd64 (1.18.0-3build1) ...
#9 38.91 Setting up libpangoft2-1.0-0:amd64 (1.52.1+ds-1build1) ...
#9 38.92 Setting up libpangocairo-1.0-0:amd64 (1.52.1+ds-1build1) ...
#9 38.94 Setting up mesa-libgallium:amd64 (25.2.8-0ubuntu0.24.04.2) ...
#9 38.95 Setting up libvpl2 (2023.3.0-1build1) ...
#9 38.97 Setting up libgbm1:amd64 (25.2.8-0ubuntu0.24.04.2) ...
#9 38.98 Setting up libgl1-mesa-dri:amd64 (25.2.8-0ubuntu0.24.04.2) ...
#9 39.02 Setting up libavutil58:amd64 (7:6.1.1-3ubuntu5) ...
#9 39.03 Setting up libespeak-ng1:amd64 (1.51+dfsg-12build1) ...
#9 39.05 Setting up librsvg2-2:amd64 (2.58.0+dfsg-1build1) ...
#9 39.06 Setting up libpocketsphinx3:amd64 (0.8.0+real5prealpha+1-15ubuntu5) ...
#9 39.08 Setting up libegl-mesa0:amd64 (25.2.8-0ubuntu0.24.04.2) ...
#9 39.09 Setting up libswresample4:amd64 (7:6.1.1-3ubuntu5) ...
#9 39.11 Setting up libavcodec60:amd64 (7:6.1.1-3ubuntu5) ...
#9 39.12 Setting up libpostproc57:amd64 (7:6.1.1-3ubuntu5) ...
#9 39.14 Setting up libegl1:amd64 (1.7.0-1build1) ...
#9 39.15 Setting up espeak-ng (1.51+dfsg-12build1) ...
#9 39.17 Setting up libsdl2-2.0-0:amd64 (2.30.0+dfsg-1ubuntu3.1) ...
#9 39.19 Setting up libswscale7:amd64 (7:6.1.1-3ubuntu5) ...
#9 39.20 Setting up libglx-mesa0:amd64 (25.2.8-0ubuntu0.24.04.2) ...
#9 39.22 Setting up libglx0:amd64 (1.7.0-1build1) ...
#9 39.23 Setting up libavformat60:amd64 (7:6.1.1-3ubuntu5) ...
#9 39.25 Setting up libavfilter9:amd64 (7:6.1.1-3ubuntu5) ...
#9 39.26 Setting up libgl1:amd64 (1.7.0-1build1) ...
#9 39.28 Setting up libavdevice60:amd64 (7:6.1.1-3ubuntu5) ...
#9 39.29 Setting up ffmpeg (7:6.1.1-3ubuntu5) ...
#9 39.31 Processing triggers for libc-bin (2.39-0ubuntu8.4) ...
#9 DONE 39.5s

#10 [web internal] load metadata for docker.io/library/node:22-alpine
#10 DONE 0.7s

#11 [api internal] load metadata for docker.io/library/python:3.12-slim
#11 DONE 0.8s

#12 [avatar-worker internal] load .dockerignore
#12 transferring context: 2B done
#12 DONE 0.1s

#13 [web internal] load .dockerignore
#13 transferring context: 159B done
#13 DONE 0.0s

#14 [api internal] load .dockerignore
#14 transferring context: 83B done
#14 DONE 0.0s

#15 [web internal] load build context
#15 DONE 0.0s

#16 [api internal] load build context
#16 DONE 0.0s

#17 [avatar-worker 4/7] RUN python3 -m pip install --no-cache-dir torch --index-url https://download.pytorch.org/whl/cu128
#17 0.416 Looking in indexes: https://download.pytorch.org/whl/cu128
#17 0.766 Collecting torch
#17 0.904   Downloading https://download-r2.pytorch.org/whl/cu128/torch-2.11.0%2Bcu128-cp312-cp312-manylinux_2_28_x86_64.whl.metadata (29 kB)
#17 0.927 Collecting filelock (from torch)
#17 1.150   Downloading filelock-3.32.3-py3-none-any.whl.metadata (2.0 kB)
#17 1.151 Requirement already satisfied: typing-extensions>=4.10.0 in /usr/local/lib/python3.12/dist-packages (from torch) (4.12.2)
#17 1.152 Requirement already satisfied: setuptools<82 in /usr/lib/python3/dist-packages (from torch) (68.1.2)
#17 1.166 Collecting sympy>=1.13.3 (from torch)
#17 1.171   Downloading sympy-1.14.0-py3-none-any.whl.metadata (12 kB)
#17 1.193 Collecting networkx>=2.5.1 (from torch)
#17 1.199   Downloading networkx-3.6.1-py3-none-any.whl.metadata (6.8 kB)
#17 1.211 Collecting jinja2 (from torch)
#17 1.218   Downloading https://download.pytorch.org/whl/jinja2-3.1.6-py3-none-any.whl.metadata (2.9 kB)
#17 1.238 Collecting fsspec>=0.8.5 (from torch)
#17 1.244   Downloading fsspec-2026.7.0-py3-none-any.whl.metadata (10 kB)
#17 1.826 Collecting cuda-toolkit==12.8.1 (from cuda-toolkit[cublas,cudart,cufft,cufile,cupti,curand,cusolver,cusparse,nvjitlink,nvrtc,nvtx]==12.8.1; platform_system == "Linux"->torch)
#17 2.700   Downloading https://pypi.nvidia.com/cuda-toolkit/cuda_toolkit-12.8.1-py2.py3-none-any.whl (2.3 kB)
#17 3.825 Collecting cuda-bindings<13,>=12.9.4 (from torch)
#17 3.832   Downloading cuda_bindings-12.9.7-cp312-cp312-manylinux_2_24_x86_64.manylinux_2_28_x86_64.whl.metadata (2.6 kB)
#17 3.848 Collecting nvidia-cudnn-cu12==9.19.0.56 (from torch)
#17 4.713   Downloading https://pypi.nvidia.com/nvidia-cudnn-cu12/nvidia_cudnn_cu12-9.19.0.56-py3-none-manylinux_2_27_x86_64.whl (657.9 MB)
#17 ...

#18 [avatar-worker internal] load build context
#18 transferring context: 70.08kB 0.0s done
#18 DONE 0.1s

#19 [web build 1/7] FROM docker.io/library/node:22-alpine@sha256:c610fcdfb1d5b4740dd70c284ed3cb16bb857e0f7166196e36a5501df7a3aa32
#19 resolve docker.io/library/node:22-alpine@sha256:c610fcdfb1d5b4740dd70c284ed3cb16bb857e0f7166196e36a5501df7a3aa32 0.1s done
#19 DONE 0.1s

#20 [web stage-1 1/3] FROM docker.io/library/nginx:1.27-alpine@sha256:65645c7bb6a0661892a8b03b89d0743208a18dd2f3f17a54ef4b76fb8e2f2a10
#20 resolve docker.io/library/nginx:1.27-alpine@sha256:65645c7bb6a0661892a8b03b89d0743208a18dd2f3f17a54ef4b76fb8e2f2a10 0.1s done
#20 DONE 0.1s

#21 [api 1/6] FROM docker.io/library/python:3.12-slim@sha256:2c941e860699f878900b0edc2403613c234d4b32eda3cc9fa7036991a2a63c4a
#21 resolve docker.io/library/python:3.12-slim@sha256:2c941e860699f878900b0edc2403613c234d4b32eda3cc9fa7036991a2a63c4a 0.1s done
#21 DONE 0.1s

#15 [web internal] load build context
#15 transferring context: 1.00kB done
#15 DONE 0.0s

#16 [api internal] load build context
#16 transferring context: 1.32kB done
#16 DONE 0.0s

#22 [web build 2/7] WORKDIR /app
#22 CACHED

#23 [web build 3/7] COPY package.json pnpm-lock.yaml pnpm-workspace.yaml ./
#23 CACHED

#24 [web build 6/7] COPY apps/web ./apps/web
#24 CACHED

#25 [web build 4/7] COPY apps/web/package.json ./apps/web/package.json
#25 CACHED

#26 [web build 7/7] RUN pnpm --dir apps/web build
#26 CACHED

#27 [web build 5/7] RUN corepack enable && pnpm install --filter @empathic-avatar/web --frozen-lockfile
#27 CACHED

#28 [web stage-1 2/3] COPY apps/web/nginx.conf /etc/nginx/conf.d/default.conf
#28 CACHED

#29 [api 3/6] COPY requirements.txt ./
#29 CACHED

#30 [api 4/6] RUN pip install --no-cache-dir -r requirements.txt
#30 CACHED

#31 [api 2/6] WORKDIR /app
#31 CACHED

#32 [api 5/6] COPY app ./app
#32 CACHED

#33 [api 6/6] RUN useradd --create-home --uid 10001 appuser && mkdir -p /data && chown -R appuser:appuser /data /app
#33 CACHED

#34 [web stage-1 3/3] COPY --from=build /app/apps/web/dist /usr/share/nginx/html
#34 CACHED

#35 [web] exporting to image
#35 exporting layers done
#35 exporting manifest sha256:62c74214312ab2ff565b6207173ec7d519978b94e616a1bd89f8ae3a1a5fdf56 done
#35 exporting config sha256:95b39f080719cbc5bc0e36116316d6ae7af9d9054b3e1990d2c6014af2c1c62f done
#35 exporting attestation manifest sha256:dfc5576cf65b6569b43bd0bb94a6fa09f065a5cb779884ae3ba6b5ba4fb54528 0.1s done
#35 exporting manifest list sha256:314fb4681c5e10a07a9d5f797a9306656b66dc79c227ac2b95fe6b5d920f8ece 0.0s done
#35 naming to docker.io/library/empathic-avatar-web:latest done
#35 unpacking to docker.io/library/empathic-avatar-web:latest 0.0s done
#35 DONE 0.2s

#36 [api] exporting to image
#36 exporting layers done
#36 exporting manifest sha256:364d7a16233a8d75d5eeebf1e2205a2983fdb326acddb54a06afa7e0ce673584 done
#36 exporting config sha256:d0e510ab7777e6bf7b7d86ab32ef7ec1f152ff5802431aebb8bcba7e433c421d done
#36 exporting attestation manifest sha256:37eee6eae263c861963f31324ec500f54fd73b380499896a467ad0919eb976e1 0.1s done
#36 exporting manifest list sha256:380b80a7b612edd599c5459f3bc83c86a450fe78108fc132a22eb9246d38bfc0 0.0s done
#36 naming to docker.io/library/empathic-avatar-api:latest done
#36 unpacking to docker.io/library/empathic-avatar-api:latest 0.0s done
#36 DONE 0.2s

#37 [web] resolving provenance for metadata file
#37 DONE 0.0s

#38 [api] resolving provenance for metadata file
#38 DONE 0.0s

#17 [avatar-worker 4/7] RUN python3 -m pip install --no-cache-dir torch --index-url https://download.pytorch.org/whl/cu128
#17 40.57      ━━━━━━━━━━━━━━━━━━━━━━━━━━━━━━━━━━━━━━ 657.9/657.9 MB 18.2 MB/s eta 0:00:00
#17 40.87 Collecting nvidia-cusparselt-cu12==0.7.1 (from torch)
#17 41.21   Downloading https://pypi.nvidia.com/nvidia-cusparselt-cu12/nvidia_cusparselt_cu12-0.7.1-py3-none-manylinux2014_x86_64.whl (287.2 MB)
#17 57.20      ━━━━━━━━━━━━━━━━━━━━━━━━━━━━━━━━━━━━━━ 287.2/287.2 MB 18.1 MB/s eta 0:00:00
#17 57.33 Collecting nvidia-nccl-cu12==2.28.9 (from torch)
#17 57.67   Downloading https://pypi.nvidia.com/nvidia-nccl-cu12/nvidia_nccl_cu12-2.28.9-py3-none-manylinux_2_18_x86_64.whl (296.8 MB)
#17 74.45      ━━━━━━━━━━━━━━━━━━━━━━━━━━━━━━━━━━━━━━ 296.8/296.8 MB 17.6 MB/s eta 0:00:00
#17 74.58 Collecting nvidia-nvshmem-cu12==3.4.5 (from torch)
#17 74.63   Downloading https://pypi.nvidia.com/nvidia-nvshmem-cu12/nvidia_nvshmem_cu12-3.4.5-py3-none-manylinux2014_x86_64.manylinux_2_17_x86_64.whl (139.1 MB)
#17 82.70      ━━━━━━━━━━━━━━━━━━━━━━━━━━━━━━━━━━━━━━ 139.1/139.1 MB 17.2 MB/s eta 0:00:00
#17 82.78 Collecting triton==3.6.0 (from torch)
#17 82.79   Downloading https://download-r2.pytorch.org/whl/triton-3.6.0-cp312-cp312-manylinux_2_27_x86_64.manylinux_2_28_x86_64.whl.metadata (1.7 kB)
#17 82.81 Collecting nvidia-cublas-cu12==12.8.4.1.* (from cuda-toolkit[cublas,cudart,cufft,cufile,cupti,curand,cusolver,cusparse,nvjitlink,nvrtc,nvtx]==12.8.1; platform_system == "Linux"->torch)
#17 82.85   Downloading https://pypi.nvidia.com/nvidia-cublas-cu12/nvidia_cublas_cu12-12.8.4.1-py3-none-manylinux_2_27_x86_64.whl (594.3 MB)
#17 116.1      ━━━━━━━━━━━━━━━━━━━━━━━━━━━━━━━━━━━━━━ 594.3/594.3 MB 18.0 MB/s eta 0:00:00
#17 116.4 Collecting nvidia-cuda-runtime-cu12==12.8.90.* (from cuda-toolkit[cublas,cudart,cufft,cufile,cupti,curand,cusolver,cusparse,nvjitlink,nvrtc,nvtx]==12.8.1; platform_system == "Linux"->torch)
#17 116.4   Downloading https://pypi.nvidia.com/nvidia-cuda-runtime-cu12/nvidia_cuda_runtime_cu12-12.8.90-py3-none-manylinux2014_x86_64.manylinux_2_17_x86_64.whl (954 kB)
#17 116.5      ━━━━━━━━━━━━━━━━━━━━━━━━━━━━━━━━━━━━━━ 954.8/954.8 kB 22.5 MB/s eta 0:00:00
#17 116.5 Collecting nvidia-cufft-cu12==11.3.3.83.* (from cuda-toolkit[cublas,cudart,cufft,cufile,cupti,curand,cusolver,cusparse,nvjitlink,nvrtc,nvtx]==12.8.1; platform_system == "Linux"->torch)
#17 116.5   Downloading https://pypi.nvidia.com/nvidia-cufft-cu12/nvidia_cufft_cu12-11.3.3.83-py3-none-manylinux2014_x86_64.manylinux_2_17_x86_64.whl (193.1 MB)
#17 127.8      ━━━━━━━━━━━━━━━━━━━━━━━━━━━━━━━━━━━━━━ 193.1/193.1 MB 17.2 MB/s eta 0:00:00
#17 127.9 Collecting nvidia-cufile-cu12==1.13.1.3.* (from cuda-toolkit[cublas,cudart,cufft,cufile,cupti,curand,cusolver,cusparse,nvjitlink,nvrtc,nvtx]==12.8.1; platform_system == "Linux"->torch)
#17 129.2   Downloading https://pypi.nvidia.com/nvidia-cufile-cu12/nvidia_cufile_cu12-1.13.1.3-py3-none-manylinux2014_x86_64.manylinux_2_17_x86_64.whl (1.2 MB)
#17 129.2      ━━━━━━━━━━━━━━━━━━━━━━━━━━━━━━━━━━━━━━━━ 1.2/1.2 MB 17.1 MB/s eta 0:00:00
#17 129.3 Collecting nvidia-cuda-cupti-cu12==12.8.90.* (from cuda-toolkit[cublas,cudart,cufft,cufile,cupti,curand,cusolver,cusparse,nvjitlink,nvrtc,nvtx]==12.8.1; platform_system == "Linux"->torch)
#17 129.3   Downloading https://pypi.nvidia.com/nvidia-cuda-cupti-cu12/nvidia_cuda_cupti_cu12-12.8.90-py3-none-manylinux2014_x86_64.manylinux_2_17_x86_64.whl (10.2 MB)
#17 129.8      ━━━━━━━━━━━━━━━━━━━━━━━━━━━━━━━━━━━━━━━━ 10.2/10.2 MB 20.6 MB/s eta 0:00:00
#17 129.8 Collecting nvidia-curand-cu12==10.3.9.90.* (from cuda-toolkit[cublas,cudart,cufft,cufile,cupti,curand,cusolver,cusparse,nvjitlink,nvrtc,nvtx]==12.8.1; platform_system == "Linux"->torch)
#17 129.9   Downloading https://pypi.nvidia.com/nvidia-curand-cu12/nvidia_curand_cu12-10.3.9.90-py3-none-manylinux_2_27_x86_64.whl (63.6 MB)
#17 133.3      ━━━━━━━━━━━━━━━━━━━━━━━━━━━━━━━━━━━━━━━━ 63.6/63.6 MB 18.8 MB/s eta 0:00:00
#17 133.3 Collecting nvidia-cusolver-cu12==11.7.3.90.* (from cuda-toolkit[cublas,cudart,cufft,cufile,cupti,curand,cusolver,cusparse,nvjitlink,nvrtc,nvtx]==12.8.1; platform_system == "Linux"->torch)
#17 133.4   Downloading https://pypi.nvidia.com/nvidia-cusolver-cu12/nvidia_cusolver_cu12-11.7.3.90-py3-none-manylinux_2_27_x86_64.whl (267.5 MB)
#17 146.4      ━━━━━━━━━━━━━━━━━━━━━━━━━━━━━━━━━━━━━━ 267.5/267.5 MB 20.5 MB/s eta 0:00:00
#17 146.6 Collecting nvidia-cusparse-cu12==12.5.8.93.* (from cuda-toolkit[cublas,cudart,cufft,cufile,cupti,curand,cusolver,cusparse,nvjitlink,nvrtc,nvtx]==12.8.1; platform_system == "Linux"->torch)
#17 146.6   Downloading https://pypi.nvidia.com/nvidia-cusparse-cu12/nvidia_cusparse_cu12-12.5.8.93-py3-none-manylinux2014_x86_64.manylinux_2_17_x86_64.whl (288.2 MB)
#17 159.7      ━━━━━━━━━━━━━━━━━━━━━━━━━━━━━━━━━━━━━━ 288.2/288.2 MB 22.2 MB/s eta 0:00:00
#17 159.9 Collecting nvidia-nvjitlink-cu12==12.8.93.* (from cuda-toolkit[cublas,cudart,cufft,cufile,cupti,curand,cusolver,cusparse,nvjitlink,nvrtc,nvtx]==12.8.1; platform_system == "Linux"->torch)
#17 160.2   Downloading https://pypi.nvidia.com/nvidia-nvjitlink-cu12/nvidia_nvjitlink_cu12-12.8.93-py3-none-manylinux2010_x86_64.manylinux_2_12_x86_64.whl (39.3 MB)
#17 161.6      ━━━━━━━━━━━━━━━━━━━━━━━━━━━━━━━━━━━━━━━━ 39.3/39.3 MB 27.7 MB/s eta 0:00:00
#17 161.7 Collecting nvidia-cuda-nvrtc-cu12==12.8.93.* (from cuda-toolkit[cublas,cudart,cufft,cufile,cupti,curand,cusolver,cusparse,nvjitlink,nvrtc,nvtx]==12.8.1; platform_system == "Linux"->torch)
#17 161.7   Downloading https://pypi.nvidia.com/nvidia-cuda-nvrtc-cu12/nvidia_cuda_nvrtc_cu12-12.8.93-py3-none-manylinux2010_x86_64.manylinux_2_12_x86_64.whl (88.0 MB)
#17 165.2      ━━━━━━━━━━━━━━━━━━━━━━━━━━━━━━━━━━━━━━━━ 88.0/88.0 MB 25.4 MB/s eta 0:00:00
#17 165.3 Collecting nvidia-nvtx-cu12==12.8.90.* (from cuda-toolkit[cublas,cudart,cufft,cufile,cupti,curand,cusolver,cusparse,nvjitlink,nvrtc,nvtx]==12.8.1; platform_system == "Linux"->torch)
#17 165.8   Downloading https://pypi.nvidia.com/nvidia-nvtx-cu12/nvidia_nvtx_cu12-12.8.90-py3-none-manylinux2014_x86_64.manylinux_2_17_x86_64.whl (89 kB)
#17 166.4 Collecting cuda-pathfinder~=1.1 (from cuda-bindings<13,>=12.9.4->torch)
#17 166.4   Downloading cuda_pathfinder-1.6.0-py3-none-any.whl.metadata (1.9 kB)
#17 166.4 Collecting mpmath<1.4,>=1.1.0 (from sympy>=1.13.3->torch)
#17 166.4   Downloading mpmath-1.3.0-py3-none-any.whl.metadata (8.6 kB)
#17 166.5 Requirement already satisfied: MarkupSafe>=2.0 in /usr/local/lib/python3.12/dist-packages (from jinja2->torch) (3.0.2)
#17 166.5 Downloading https://download-r2.pytorch.org/whl/cu128/torch-2.11.0%2Bcu128-cp312-cp312-manylinux_2_28_x86_64.whl (820.3 MB)
#17 221.2    ━━━━━━━━━━━━━━━━━━━━━━━━━━━━━━━━━━━━━━━━ 820.3/820.3 MB 27.9 MB/s eta 0:00:00
#17 221.2 Downloading https://download-r2.pytorch.org/whl/triton-3.6.0-cp312-cp312-manylinux_2_27_x86_64.manylinux_2_28_x86_64.whl (188.3 MB)
#17 228.3    ━━━━━━━━━━━━━━━━━━━━━━━━━━━━━━━━━━━━━━━━ 188.3/188.3 MB 26.4 MB/s eta 0:00:00
#17 228.3 Downloading cuda_bindings-12.9.7-cp312-cp312-manylinux_2_24_x86_64.manylinux_2_28_x86_64.whl (7.6 MB)
#17 228.6    ━━━━━━━━━━━━━━━━━━━━━━━━━━━━━━━━━━━━━━━━ 7.6/7.6 MB 26.2 MB/s eta 0:00:00
#17 228.7 Downloading fsspec-2026.7.0-py3-none-any.whl (206 kB)
#17 228.7 Downloading networkx-3.6.1-py3-none-any.whl (2.1 MB)
#17 228.8    ━━━━━━━━━━━━━━━━━━━━━━━━━━━━━━━━━━━━━━━━ 2.1/2.1 MB 16.1 MB/s eta 0:00:00
#17 228.8 Downloading sympy-1.14.0-py3-none-any.whl (6.3 MB)
#17 229.0    ━━━━━━━━━━━━━━━━━━━━━━━━━━━━━━━━━━━━━━━━ 6.3/6.3 MB 27.6 MB/s eta 0:00:00
#17 229.0 Downloading filelock-3.32.3-py3-none-any.whl (98 kB)
#17 229.1 Downloading https://download.pytorch.org/whl/jinja2-3.1.6-py3-none-any.whl (134 kB)
#17 229.1 Downloading cuda_pathfinder-1.6.0-py3-none-any.whl (54 kB)
#17 229.1 Downloading mpmath-1.3.0-py3-none-any.whl (536 kB)
#17 229.1    ━━━━━━━━━━━━━━━━━━━━━━━━━━━━━━━━━━━━━━━━ 536.2/536.2 kB 33.8 MB/s eta 0:00:00
#17 229.8 Installing collected packages: nvidia-cusparselt-cu12, mpmath, cuda-toolkit, triton, sympy, nvidia-nvtx-cu12, nvidia-nvshmem-cu12, nvidia-nvjitlink-cu12, nvidia-nccl-cu12, nvidia-curand-cu12, nvidia-cufile-cu12, nvidia-cuda-runtime-cu12, nvidia-cuda-nvrtc-cu12, nvidia-cuda-cupti-cu12, nvidia-cublas-cu12, networkx, jinja2, fsspec, filelock, cuda-pathfinder, nvidia-cusparse-cu12, nvidia-cufft-cu12, nvidia-cudnn-cu12, cuda-bindings, nvidia-cusolver-cu12, torch
#17 265.8 Successfully installed cuda-bindings-12.9.7 cuda-pathfinder-1.6.0 cuda-toolkit-12.8.1 filelock-3.32.3 fsspec-2026.7.0 jinja2-3.1.6 mpmath-1.3.0 networkx-3.6.1 nvidia-cublas-cu12-12.8.4.1 nvidia-cuda-cupti-cu12-12.8.90 nvidia-cuda-nvrtc-cu12-12.8.93 nvidia-cuda-runtime-cu12-12.8.90 nvidia-cudnn-cu12-9.19.0.56 nvidia-cufft-cu12-11.3.3.83 nvidia-cufile-cu12-1.13.1.3 nvidia-curand-cu12-10.3.9.90 nvidia-cusolver-cu12-11.7.3.90 nvidia-cusparse-cu12-12.5.8.93 nvidia-cusparselt-cu12-0.7.1 nvidia-nccl-cu12-2.28.9 nvidia-nvjitlink-cu12-12.8.93 nvidia-nvshmem-cu12-3.4.5 nvidia-nvtx-cu12-12.8.90 sympy-1.14.0 torch-2.11.0+cu128 triton-3.6.0
#17 265.8 WARNING: Running pip as the 'root' user can result in broken permissions and conflicting behaviour with the system package manager, possibly rendering your system unusable. It is recommended to use a virtual environment instead: https://pip.pypa.io/warnings/venv. Use the --root-user-action option if you know what you are doing and want to suppress this warning.
#17 DONE 267.1s

#39 [avatar-worker 5/7] RUN python3 -m pip install --no-cache-dir "cuda-python==12.9.4"
#39 0.532 Collecting cuda-python==12.9.4
#39 0.756   Downloading cuda_python-12.9.4-py3-none-any.whl.metadata (4.7 kB)
#39 0.758 Requirement already satisfied: cuda-bindings~=12.9.4 in /usr/local/lib/python3.12/dist-packages (from cuda-python==12.9.4) (12.9.7)
#39 0.760 Requirement already satisfied: cuda-pathfinder~=1.1 in /usr/local/lib/python3.12/dist-packages (from cuda-bindings~=12.9.4->cuda-python==12.9.4) (1.6.0)
#39 0.766 Downloading cuda_python-12.9.4-py3-none-any.whl (7.6 kB)
#39 0.788 Installing collected packages: cuda-python
#39 0.799 Successfully installed cuda-python-12.9.4
#39 0.799 WARNING: Running pip as the 'root' user can result in broken permissions and conflicting behaviour with the system package manager, possibly rendering your system unusable. It is recommended to use a virtual environment instead: https://pip.pypa.io/warnings/venv. Use the --root-user-action option if you know what you are doing and want to suppress this warning.
#39 DONE 0.9s

#40 [avatar-worker 6/7] RUN python3 -m pip install --no-cache-dir fastapi "uvicorn[standard]" "pydantic>=2.9,<3.0" librosa tqdm filetype imageio opencv-python-headless scikit-image cython imageio-ffmpeg colored polygraphy numpy onnxruntime-gpu mediapipe einops
#40 0.477 Collecting fastapi
#40 0.513   Downloading fastapi-0.141.1-py3-none-any.whl.metadata (27 kB)
#40 0.585 Collecting pydantic<3.0,>=2.9
#40 0.593   Downloading pydantic-2.13.4-py3-none-any.whl.metadata (109 kB)
#40 0.611 Collecting librosa
#40 0.618   Downloading librosa-1.0.0-py3-none-any.whl.metadata (6.7 kB)
#40 0.635 Collecting tqdm
#40 0.642   Downloading tqdm-4.70.0-py3-none-any.whl.metadata (57 kB)
#40 0.656 Collecting filetype
#40 0.663   Downloading filetype-1.2.0-py2.py3-none-any.whl.metadata (6.5 kB)
#40 0.678 Collecting imageio
#40 0.685   Downloading imageio-2.37.4-py3-none-any.whl.metadata (9.6 kB)
#40 0.720 Collecting opencv-python-headless
#40 0.728   Downloading opencv_python_headless-5.0.0.93-cp37-abi3-manylinux_2_28_x86_64.whl.metadata (19 kB)
#40 0.763 Collecting scikit-image
#40 0.770   Downloading scikit_image-0.26.0-cp312-cp312-manylinux_2_24_x86_64.manylinux_2_28_x86_64.whl.metadata (15 kB)
#40 0.871 Collecting cython
#40 0.881   Downloading cython-3.3.0-cp312-cp312-manylinux2014_x86_64.manylinux_2_17_x86_64.manylinux_2_28_x86_64.whl.metadata (28 kB)
#40 0.895 Collecting imageio-ffmpeg
#40 0.902   Downloading imageio_ffmpeg-0.6.0-py3-none-manylinux2014_x86_64.whl.metadata (1.5 kB)
#40 0.911 Collecting colored
#40 0.918   Downloading colored-2.3.2-py3-none-any.whl.metadata (4.5 kB)
#40 0.919 Requirement already satisfied: polygraphy in /usr/local/lib/python3.12/dist-packages (0.49.18)
#40 0.920 Requirement already satisfied: numpy in /usr/local/lib/python3.12/dist-packages (1.26.4)
#40 1.114 Collecting onnxruntime-gpu
#40 1.121   Downloading onnxruntime_gpu-1.29.0-cp312-cp312-manylinux_2_28_x86_64.whl.metadata (5.9 kB)
#40 1.135 Collecting mediapipe
#40 1.142   Downloading mediapipe-1.0.1-py3-none-manylinux_2_28_x86_64.whl.metadata (10 kB)
#40 1.150 Collecting einops
#40 1.157   Downloading einops-0.8.2-py3-none-any.whl.metadata (13 kB)
#40 1.173 Collecting uvicorn[standard]
#40 1.180   Downloading uvicorn-0.52.4-py3-none-any.whl.metadata (6.6 kB)
#40 1.197 Collecting starlette>=0.46.0 (from fastapi)
#40 1.204   Downloading starlette-1.6.0-py3-none-any.whl.metadata (6.4 kB)
#40 1.206 Requirement already satisfied: typing-extensions>=4.8.0 in /usr/local/lib/python3.12/dist-packages (from fastapi) (4.12.2)
#40 1.212 Collecting typing-inspection>=0.4.2 (from fastapi)
#40 1.219   Downloading typing_inspection-0.4.4-py3-none-any.whl.metadata (2.6 kB)
#40 1.226 Collecting annotated-doc>=0.0.2 (from fastapi)
#40 1.232   Downloading annotated_doc-0.0.5-py3-none-any.whl.metadata (6.5 kB)
#40 1.244 Collecting click>=7.0 (from uvicorn[standard])
#40 1.251   Downloading click-8.4.2-py3-none-any.whl.metadata (2.6 kB)
#40 1.259 Collecting h11>=0.8 (from uvicorn[standard])
#40 1.265   Downloading h11-0.16.0-py3-none-any.whl.metadata (8.3 kB)
#40 1.286 Collecting httptools>=0.8.0 (from uvicorn[standard])
#40 1.293   Downloading httptools-0.8.0-cp312-cp312-manylinux1_x86_64.manylinux_2_28_x86_64.manylinux_2_5_x86_64.whl.metadata (3.5 kB)
#40 1.303 Collecting python-dotenv>=0.13 (from uvicorn[standard])
#40 1.309   Downloading python_dotenv-1.2.3-py3-none-any.whl.metadata (29 kB)
#40 1.329 Collecting pyyaml>=5.1 (from uvicorn[standard])
#40 1.336   Downloading pyyaml-6.0.3-cp312-cp312-manylinux2014_x86_64.manylinux_2_17_x86_64.manylinux_2_28_x86_64.whl.metadata (2.4 kB)
#40 1.357 Collecting uvloop>=0.15.1 (from uvicorn[standard])
#40 1.363   Downloading uvloop-0.22.1-cp312-cp312-manylinux2014_x86_64.manylinux_2_17_x86_64.manylinux_2_28_x86_64.whl.metadata (4.9 kB)
#40 1.413 Collecting watchfiles>=0.20 (from uvicorn[standard])
#40 1.422   Downloading watchfiles-1.2.0-cp312-cp312-manylinux_2_17_x86_64.manylinux2014_x86_64.whl.metadata (4.9 kB)
#40 1.474 Collecting websockets>=13.0 (from uvicorn[standard])
#40 1.481   Downloading websockets-17.0.1-cp312-cp312-manylinux1_x86_64.manylinux_2_28_x86_64.manylinux_2_5_x86_64.whl.metadata (6.3 kB)
#40 1.489 Collecting annotated-types>=0.6.0 (from pydantic<3.0,>=2.9)
#40 1.497   Downloading annotated_types-0.8.0-py3-none-any.whl.metadata (15 kB)
#40 1.844 Collecting pydantic-core==2.46.4 (from pydantic<3.0,>=2.9)
#40 1.851   Downloading pydantic_core-2.46.4-cp312-cp312-manylinux_2_17_x86_64.manylinux2014_x86_64.whl.metadata (6.6 kB)
#40 1.862 Collecting typing-extensions>=4.8.0 (from fastapi)
#40 1.870   Downloading typing_extensions-4.16.0-py3-none-any.whl.metadata (3.3 kB)
#40 1.917 Collecting numba>=0.61.0 (from librosa)
#40 1.924   Downloading numba-0.67.0-cp312-cp312-manylinux2014_x86_64.manylinux_2_17_x86_64.whl.metadata (2.7 kB)
#40 2.015 Collecting numpy
#40 2.022   Downloading numpy-2.5.2-cp312-cp312-manylinux_2_27_x86_64.manylinux_2_28_x86_64.whl.metadata (6.6 kB)
#40 2.080 Collecting scipy>=1.15.0 (from librosa)
#40 2.088   Downloading scipy-1.18.1-cp312-cp312-manylinux_2_27_x86_64.manylinux_2_28_x86_64.whl.metadata (62 kB)
#40 2.133 Collecting scikit-learn>=1.6.0 (from librosa)
#40 2.140   Downloading scikit_learn-1.9.0-cp312-cp312-manylinux_2_27_x86_64.manylinux_2_28_x86_64.whl.metadata (11 kB)
#40 2.155 Collecting joblib>=1.2 (from librosa)
#40 2.162   Downloading joblib-1.5.3-py3-none-any.whl.metadata (5.5 kB)
#40 2.172 Collecting decorator>=5.2.1 (from librosa)
#40 2.179   Downloading decorator-5.3.1-py3-none-any.whl.metadata (3.9 kB)
#40 2.189 Collecting soundfile>=0.12.1 (from librosa)
#40 2.196   Downloading soundfile-0.14.0-py2.py3-none-manylinux_2_28_x86_64.whl.metadata (18 kB)
#40 2.206 Collecting pooch>=1.7 (from librosa)
#40 2.213   Downloading pooch-1.9.0-py3-none-any.whl.metadata (10 kB)
#40 2.243 Collecting soxr>=1.0.0 (from librosa)
#40 2.250   Downloading soxr-1.1.0-cp312-abi3-manylinux_2_27_x86_64.manylinux_2_28_x86_64.whl.metadata (5.8 kB)
#40 2.259 Collecting lazy_loader>=0.3 (from librosa)
#40 2.266   Downloading lazy_loader-0.5-py3-none-any.whl.metadata (5.9 kB)
#40 2.339 Collecting msgpack>=1.0.5 (from librosa)
#40 2.346   Downloading msgpack-1.2.1-cp312-cp312-manylinux2014_x86_64.manylinux_2_17_x86_64.manylinux_2_28_x86_64.whl.metadata (8.3 kB)
#40 2.349 Requirement already satisfied: pillow>=8.3.2 in /usr/local/lib/python3.12/dist-packages (from imageio) (11.1.0)
#40 2.358 Requirement already satisfied: networkx>=3.0 in /usr/local/lib/python3.12/dist-packages (from scikit-image) (3.6.1)
#40 2.381 Collecting tifffile>=2022.8.12 (from scikit-image)
#40 2.388   Downloading tifffile-2026.8.23-py3-none-any.whl.metadata (34 kB)
#40 2.402 Collecting packaging>=21 (from scikit-image)
#40 2.410   Downloading packaging-26.3-py3-none-any.whl.metadata (3.5 kB)
#40 2.423 Collecting flatbuffers (from onnxruntime-gpu)
#40 2.430   Downloading flatbuffers-25.12.19-py2.py3-none-any.whl.metadata (1.0 kB)
#40 2.508 Collecting protobuf>=4.25.8 (from onnxruntime-gpu)
#40 2.516   Downloading protobuf-7.36.0-cp310-abi3-manylinux2014_x86_64.whl.metadata (595 bytes)
#40 2.527 Collecting absl-py~=2.3 (from mediapipe)
#40 2.534   Downloading absl_py-2.5.0-py3-none-any.whl.metadata (3.3 kB)
#40 2.545 Collecting certifi (from mediapipe)
#40 2.553   Downloading certifi-2026.7.22-py3-none-any.whl.metadata (2.5 kB)
#40 2.566 Collecting sounddevice~=0.5 (from mediapipe)
#40 2.573   Downloading sounddevice-0.5.6-py3-none-any.whl.metadata (1.4 kB)
#40 2.608 Collecting opencv-contrib-python (from mediapipe)
#40 2.615   Downloading opencv_contrib_python-5.0.0.93-cp37-abi3-manylinux_2_28_x86_64.whl.metadata (19 kB)
#40 2.678 Collecting matplotlib (from mediapipe)
#40 2.685   Downloading matplotlib-3.11.1-cp312-cp312-manylinux2014_x86_64.manylinux_2_17_x86_64.whl.metadata (80 kB)
#40 2.731 Collecting llvmlite<0.50,>=0.49.0dev0 (from numba>=0.61.0->librosa)
#40 2.737   Downloading llvmlite-0.49.0-cp312-cp312-manylinux2014_x86_64.manylinux_2_17_x86_64.whl.metadata (5.0 kB)
#40 2.746 Requirement already satisfied: platformdirs>=2.5.0 in /usr/local/lib/python3.12/dist-packages (from pooch>=1.7->librosa) (4.3.6)
#40 2.764 Collecting requests>=2.19.0 (from pooch>=1.7->librosa)
#40 2.771   Downloading requests-2.34.2-py3-none-any.whl.metadata (4.8 kB)
#40 2.804 Collecting narwhals>=2.0.1 (from scikit-learn>=1.6.0->librosa)
#40 2.811   Downloading narwhals-2.25.0-py3-none-any.whl.metadata (15 kB)
#40 2.820 Collecting threadpoolctl>=3.5.0 (from scikit-learn>=1.6.0->librosa)
#40 2.826   Downloading threadpoolctl-3.6.0-py3-none-any.whl.metadata (13 kB)
#40 2.926 Collecting cffi (from sounddevice~=0.5->mediapipe)
#40 2.933   Downloading cffi-2.1.1-cp312-cp312-manylinux2014_x86_64.manylinux_2_17_x86_64.whl.metadata (2.5 kB)
#40 2.949 Collecting anyio<5,>=3.6.2 (from starlette>=0.46.0->fastapi)
#40 2.956   Downloading anyio-4.14.2-py3-none-any.whl.metadata (4.6 kB)
#40 2.998 Collecting contourpy>=1.0.1 (from matplotlib->mediapipe)
#40 3.005   Downloading contourpy-1.3.3-cp312-cp312-manylinux_2_27_x86_64.manylinux_2_28_x86_64.whl.metadata (5.5 kB)
#40 3.014 Collecting cycler>=0.10 (from matplotlib->mediapipe)
#40 3.020   Downloading cycler-0.12.1-py3-none-any.whl.metadata (3.8 kB)
#40 3.103 Collecting fonttools>=4.28.2 (from matplotlib->mediapipe)
#40 3.111   Downloading fonttools-4.63.0-cp312-cp312-manylinux2014_x86_64.manylinux_2_17_x86_64.whl.metadata (118 kB)
#40 3.154 Collecting kiwisolver>=1.3.1 (from matplotlib->mediapipe)
#40 3.161   Downloading kiwisolver-1.5.0-cp312-cp312-manylinux2014_x86_64.manylinux_2_17_x86_64.whl.metadata (5.1 kB)
#40 3.184 Collecting pyparsing>=3 (from matplotlib->mediapipe)
#40 3.192   Downloading pyparsing-3.3.2-py3-none-any.whl.metadata (5.8 kB)
#40 3.201 Collecting python-dateutil>=2.7 (from matplotlib->mediapipe)
#40 3.208   Downloading python_dateutil-2.9.0.post0-py2.py3-none-any.whl.metadata (8.4 kB)
#40 3.221 Collecting idna>=2.8 (from anyio<5,>=3.6.2->starlette>=0.46.0->fastapi)
#40 3.228   Downloading idna-3.19-py3-none-any.whl.metadata (9.2 kB)
#40 3.238 Collecting pycparser (from cffi->sounddevice~=0.5->mediapipe)
#40 3.246   Downloading pycparser-3.0-py3-none-any.whl.metadata (8.2 kB)
#40 3.262 Collecting six>=1.5 (from python-dateutil>=2.7->matplotlib->mediapipe)
#40 3.269   Downloading six-1.17.0-py2.py3-none-any.whl.metadata (1.7 kB)
#40 3.325 Collecting charset_normalizer<4,>=2 (from requests>=2.19.0->pooch>=1.7->librosa)
#40 3.333   Downloading charset_normalizer-3.5.1-cp312-cp312-manylinux2014_x86_64.manylinux_2_17_x86_64.manylinux_2_28_x86_64.whl.metadata (45 kB)
#40 3.351 Collecting urllib3<3,>=1.26 (from requests>=2.19.0->pooch>=1.7->librosa)
#40 3.357   Downloading urllib3-2.7.0-py3-none-any.whl.metadata (6.9 kB)
#40 3.375 Downloading fastapi-0.141.1-py3-none-any.whl (131 kB)
#40 3.386 Downloading pydantic-2.13.4-py3-none-any.whl (472 kB)
#40 3.420 Downloading pydantic_core-2.46.4-cp312-cp312-manylinux_2_17_x86_64.manylinux2014_x86_64.whl (2.1 MB)
#40 3.508    ━━━━━━━━━━━━━━━━━━━━━━━━━━━━━━━━━━━━━━━━ 2.1/2.1 MB 26.0 MB/s eta 0:00:00
#40 3.514 Downloading librosa-1.0.0-py3-none-any.whl (294 kB)
#40 3.538 Downloading tqdm-4.70.0-py3-none-any.whl (80 kB)
#40 3.549 Downloading filetype-1.2.0-py2.py3-none-any.whl (19 kB)
#40 3.556 Downloading imageio-2.37.4-py3-none-any.whl (318 kB)
#40 3.578 Downloading opencv_python_headless-5.0.0.93-cp37-abi3-manylinux_2_28_x86_64.whl (61.2 MB)
#40 6.835    ━━━━━━━━━━━━━━━━━━━━━━━━━━━━━━━━━━━━━━━━ 61.2/61.2 MB 18.8 MB/s eta 0:00:00
#40 6.844 Downloading scikit_image-0.26.0-cp312-cp312-manylinux_2_24_x86_64.manylinux_2_28_x86_64.whl (13.6 MB)
#40 7.545    ━━━━━━━━━━━━━━━━━━━━━━━━━━━━━━━━━━━━━━━━ 13.6/13.6 MB 19.5 MB/s eta 0:00:00
#40 7.554 Downloading cython-3.3.0-cp312-cp312-manylinux2014_x86_64.manylinux_2_17_x86_64.manylinux_2_28_x86_64.whl (3.4 MB)
#40 7.759    ━━━━━━━━━━━━━━━━━━━━━━━━━━━━━━━━━━━━━━━━ 3.4/3.4 MB 16.6 MB/s eta 0:00:00
#40 7.766 Downloading imageio_ffmpeg-0.6.0-py3-none-manylinux2014_x86_64.whl (29.5 MB)
#40 9.181    ━━━━━━━━━━━━━━━━━━━━━━━━━━━━━━━━━━━━━━━━ 29.5/29.5 MB 20.9 MB/s eta 0:00:00
#40 9.189 Downloading colored-2.3.2-py3-none-any.whl (20 kB)
#40 9.198 Downloading numpy-2.5.2-cp312-cp312-manylinux_2_27_x86_64.manylinux_2_28_x86_64.whl (16.7 MB)
#40 10.15    ━━━━━━━━━━━━━━━━━━━━━━━━━━━━━━━━━━━━━━━━ 16.7/16.7 MB 17.7 MB/s eta 0:00:00
#40 10.16 Downloading onnxruntime_gpu-1.29.0-cp312-cp312-manylinux_2_28_x86_64.whl (202.2 MB)
#40 21.33    ━━━━━━━━━━━━━━━━━━━━━━━━━━━━━━━━━━━━━━━━ 202.2/202.2 MB 18.1 MB/s eta 0:00:00
#40 21.34 Downloading mediapipe-1.0.1-py3-none-manylinux_2_28_x86_64.whl (37.9 MB)
#40 23.55    ━━━━━━━━━━━━━━━━━━━━━━━━━━━━━━━━━━━━━━━━ 37.9/37.9 MB 17.1 MB/s eta 0:00:00
#40 23.56 Downloading einops-0.8.2-py3-none-any.whl (65 kB)
#40 23.57 Downloading absl_py-2.5.0-py3-none-any.whl (137 kB)
#40 23.58 Downloading annotated_doc-0.0.5-py3-none-any.whl (5.3 kB)
#40 23.59 Downloading annotated_types-0.8.0-py3-none-any.whl (13 kB)
#40 23.60 Downloading click-8.4.2-py3-none-any.whl (119 kB)
#40 23.61 Downloading decorator-5.3.1-py3-none-any.whl (10 kB)
#40 23.62 Downloading flatbuffers-25.12.19-py2.py3-none-any.whl (26 kB)
#40 23.63 Downloading h11-0.16.0-py3-none-any.whl (37 kB)
#40 23.64 Downloading httptools-0.8.0-cp312-cp312-manylinux1_x86_64.manylinux_2_28_x86_64.manylinux_2_5_x86_64.whl (523 kB)
#40 23.67 Downloading joblib-1.5.3-py3-none-any.whl (309 kB)
#40 23.70 Downloading lazy_loader-0.5-py3-none-any.whl (8.0 kB)
#40 23.71 Downloading msgpack-1.2.1-cp312-cp312-manylinux2014_x86_64.manylinux_2_17_x86_64.manylinux_2_28_x86_64.whl (419 kB)
#40 23.74 Downloading numba-0.67.0-cp312-cp312-manylinux2014_x86_64.manylinux_2_17_x86_64.whl (3.9 MB)
#40 23.92    ━━━━━━━━━━━━━━━━━━━━━━━━━━━━━━━━━━━━━━━━ 3.9/3.9 MB 21.8 MB/s eta 0:00:00
#40 23.93 Downloading packaging-26.3-py3-none-any.whl (129 kB)
#40 23.95 Downloading pooch-1.9.0-py3-none-any.whl (67 kB)
#40 23.96 Downloading protobuf-7.36.0-cp310-abi3-manylinux2014_x86_64.whl (340 kB)
#40 23.98 Downloading python_dotenv-1.2.3-py3-none-any.whl (22 kB)
#40 23.99 Downloading pyyaml-6.0.3-cp312-cp312-manylinux2014_x86_64.manylinux_2_17_x86_64.manylinux_2_28_x86_64.whl (807 kB)
#40 24.02    ━━━━━━━━━━━━━━━━━━━━━━━━━━━━━━━━━━━━━━━━ 807.9/807.9 kB 31.2 MB/s eta 0:00:00
#40 24.04 Downloading scikit_learn-1.9.0-cp312-cp312-manylinux_2_27_x86_64.manylinux_2_28_x86_64.whl (9.1 MB)
#40 24.50    ━━━━━━━━━━━━━━━━━━━━━━━━━━━━━━━━━━━━━━━━ 9.1/9.1 MB 19.9 MB/s eta 0:00:00
#40 24.51 Downloading scipy-1.18.1-cp312-cp312-manylinux_2_27_x86_64.manylinux_2_28_x86_64.whl (35.3 MB)
#40 26.37    ━━━━━━━━━━━━━━━━━━━━━━━━━━━━━━━━━━━━━━━━ 35.3/35.3 MB 18.9 MB/s eta 0:00:00
#40 26.38 Downloading sounddevice-0.5.6-py3-none-any.whl (32 kB)
#40 26.39 Downloading soundfile-0.14.0-py2.py3-none-manylinux_2_28_x86_64.whl (1.3 MB)
#40 26.45    ━━━━━━━━━━━━━━━━━━━━━━━━━━━━━━━━━━━━━━━━ 1.3/1.3 MB 22.1 MB/s eta 0:00:00
#40 26.46 Downloading soxr-1.1.0-cp312-abi3-manylinux_2_27_x86_64.manylinux_2_28_x86_64.whl (240 kB)
#40 26.47 Downloading starlette-1.6.0-py3-none-any.whl (75 kB)
#40 26.49 Downloading tifffile-2026.8.23-py3-none-any.whl (273 kB)
#40 26.51 Downloading typing_extensions-4.16.0-py3-none-any.whl (45 kB)
#40 26.52 Downloading typing_inspection-0.4.4-py3-none-any.whl (14 kB)
#40 26.52 Downloading uvloop-0.22.1-cp312-cp312-manylinux2014_x86_64.manylinux_2_17_x86_64.manylinux_2_28_x86_64.whl (4.4 MB)
#40 26.79    ━━━━━━━━━━━━━━━━━━━━━━━━━━━━━━━━━━━━━━━━ 4.4/4.4 MB 17.0 MB/s eta 0:00:00
#40 26.80 Downloading watchfiles-1.2.0-cp312-cp312-manylinux_2_17_x86_64.manylinux2014_x86_64.whl (456 kB)
#40 26.82 Downloading websockets-17.0.1-cp312-cp312-manylinux1_x86_64.manylinux_2_28_x86_64.manylinux_2_5_x86_64.whl (220 kB)
#40 26.84 Downloading certifi-2026.7.22-py3-none-any.whl (136 kB)
#40 26.85 Downloading matplotlib-3.11.1-cp312-cp312-manylinux2014_x86_64.manylinux_2_17_x86_64.whl (10.0 MB)
#40 27.26    ━━━━━━━━━━━━━━━━━━━━━━━━━━━━━━━━━━━━━━━━ 10.0/10.0 MB 25.2 MB/s eta 0:00:00
#40 27.27 Downloading opencv_contrib_python-5.0.0.93-cp37-abi3-manylinux_2_28_x86_64.whl (82.1 MB)
#40 31.12    ━━━━━━━━━━━━━━━━━━━━━━━━━━━━━━━━━━━━━━━━ 82.1/82.1 MB 21.3 MB/s eta 0:00:00
#40 31.13 Downloading uvicorn-0.52.4-py3-none-any.whl (79 kB)
#40 31.14 Downloading anyio-4.14.2-py3-none-any.whl (125 kB)
#40 31.15 Downloading cffi-2.1.1-cp312-cp312-manylinux2014_x86_64.manylinux_2_17_x86_64.whl (221 kB)
#40 31.17 Downloading contourpy-1.3.3-cp312-cp312-manylinux_2_27_x86_64.manylinux_2_28_x86_64.whl (362 kB)
#40 31.20 Downloading cycler-0.12.1-py3-none-any.whl (8.3 kB)
#40 31.21 Downloading fonttools-4.63.0-cp312-cp312-manylinux2014_x86_64.manylinux_2_17_x86_64.whl (5.0 MB)
#40 31.41    ━━━━━━━━━━━━━━━━━━━━━━━━━━━━━━━━━━━━━━━━ 5.0/5.0 MB 25.5 MB/s eta 0:00:00
#40 31.42 Downloading kiwisolver-1.5.0-cp312-cp312-manylinux2014_x86_64.manylinux_2_17_x86_64.whl (1.5 MB)
#40 31.45    ━━━━━━━━━━━━━━━━━━━━━━━━━━━━━━━━━━━━━━━━ 1.5/1.5 MB 56.8 MB/s eta 0:00:00
#40 31.46 Downloading llvmlite-0.49.0-cp312-cp312-manylinux2014_x86_64.manylinux_2_17_x86_64.whl (59.9 MB)
#40 34.74    ━━━━━━━━━━━━━━━━━━━━━━━━━━━━━━━━━━━━━━━━ 59.9/59.9 MB 18.3 MB/s eta 0:00:00
#40 34.75 Downloading narwhals-2.25.0-py3-none-any.whl (467 kB)
#40 34.77 Downloading pyparsing-3.3.2-py3-none-any.whl (122 kB)
#40 34.79 Downloading python_dateutil-2.9.0.post0-py2.py3-none-any.whl (229 kB)
#40 34.80 Downloading requests-2.34.2-py3-none-any.whl (73 kB)
#40 34.81 Downloading threadpoolctl-3.6.0-py3-none-any.whl (18 kB)
#40 34.82 Downloading charset_normalizer-3.5.1-cp312-cp312-manylinux2014_x86_64.manylinux_2_17_x86_64.manylinux_2_28_x86_64.whl (248 kB)
#40 34.84 Downloading idna-3.19-py3-none-any.whl (68 kB)
#40 34.85 Downloading six-1.17.0-py2.py3-none-any.whl (11 kB)
#40 34.85 Downloading urllib3-2.7.0-py3-none-any.whl (131 kB)
#40 34.86 Downloading pycparser-3.0-py3-none-any.whl (48 kB)
#40 35.25 Installing collected packages: flatbuffers, filetype, websockets, uvloop, urllib3, typing-extensions, tqdm, threadpoolctl, six, pyyaml, python-dotenv, pyparsing, pycparser, protobuf, packaging, numpy, narwhals, msgpack, llvmlite, kiwisolver, joblib, imageio-ffmpeg, idna, httptools, h11, fonttools, einops, decorator, cython, cycler, colored, click, charset_normalizer, certifi, annotated-types, annotated-doc, absl-py, uvicorn, typing-inspection, tifffile, soxr, scipy, requests, python-dateutil, pydantic-core, opencv-python-headless, opencv-contrib-python, onnxruntime-gpu, numba, lazy_loader, imageio, contourpy, cffi, anyio, watchfiles, starlette, soundfile, sounddevice, scikit-learn, scikit-image, pydantic, pooch, matplotlib, mediapipe, librosa, fastapi
#40 35.46   Attempting uninstall: typing-extensions
#40 35.46     Found existing installation: typing_extensions 4.12.2
#40 35.46     Uninstalling typing_extensions-4.12.2:
#40 35.51       Successfully uninstalled typing_extensions-4.12.2
#40 35.85   Attempting uninstall: numpy
#40 35.85     Found existing installation: numpy 1.26.4
#40 35.87     Uninstalling numpy-1.26.4:
#40 36.07       Successfully uninstalled numpy-1.26.4
#40 48.89 Successfully installed absl-py-2.5.0 annotated-doc-0.0.5 annotated-types-0.8.0 anyio-4.14.2 certifi-2026.7.22 cffi-2.1.1 charset_normalizer-3.5.1 click-8.4.2 colored-2.3.2 contourpy-1.3.3 cycler-0.12.1 cython-3.3.0 decorator-5.3.1 einops-0.8.2 fastapi-0.141.1 filetype-1.2.0 flatbuffers-25.12.19 fonttools-4.63.0 h11-0.16.0 httptools-0.8.0 idna-3.19 imageio-2.37.4 imageio-ffmpeg-0.6.0 joblib-1.5.3 kiwisolver-1.5.0 lazy_loader-0.5 librosa-1.0.0 llvmlite-0.49.0 matplotlib-3.11.1 mediapipe-1.0.1 msgpack-1.2.1 narwhals-2.25.0 numba-0.67.0 numpy-2.5.2 onnxruntime-gpu-1.29.0 opencv-contrib-python-5.0.0.93 opencv-python-headless-5.0.0.93 packaging-26.3 pooch-1.9.0 protobuf-7.36.0 pycparser-3.0 pydantic-2.13.4 pydantic-core-2.46.4 pyparsing-3.3.2 python-dateutil-2.9.0.post0 python-dotenv-1.2.3 pyyaml-6.0.3 requests-2.34.2 scikit-image-0.26.0 scikit-learn-1.9.0 scipy-1.18.1 six-1.17.0 sounddevice-0.5.6 soundfile-0.14.0 soxr-1.1.0 starlette-1.6.0 threadpoolctl-3.6.0 tifffile-2026.8.23 tqdm-4.70.0 typing-extensions-4.16.0 typing-inspection-0.4.4 urllib3-2.7.0 uvicorn-0.52.4 uvloop-0.22.1 watchfiles-1.2.0 websockets-17.0.1
#40 48.89 WARNING: Running pip as the 'root' user can result in broken permissions and conflicting behaviour with the system package manager, possibly rendering your system unusable. It is recommended to use a virtual environment instead: https://pip.pypa.io/warnings/venv. Use the --root-user-action option if you know what you are doing and want to suppress this warning.
#40 DONE 49.5s

#41 [avatar-worker 7/7] COPY app ./app
#41 DONE 0.1s

#42 [avatar-worker] exporting to image
#42 exporting layers
#42 exporting layers 121.6s done
#42 exporting manifest sha256:6922b0fa8ffc163d0c7a900e3b6005071a907ea159e54dfe0af67c323b766572 0.0s done
#42 exporting config sha256:9067870301b7624d6d8cbb798b6ed928e59a3ca66e0d9502bd972e0b9a0e0f67 0.0s done
#42 exporting attestation manifest sha256:9ec90888b04f73ce16ee70bb61db04e4500692b9b53d6f4e5b72d964c1acc6fc 0.1s done
#42 exporting manifest list sha256:373f868a7f1395268e0287c09e20f7173e569f4bada9f4df98adc2d0b69349e0
#42 exporting manifest list sha256:373f868a7f1395268e0287c09e20f7173e569f4bada9f4df98adc2d0b69349e0 0.0s done
#42 naming to docker.io/library/empathic-avatar-avatar-worker:latest done
#42 unpacking to docker.io/library/empathic-avatar-avatar-worker:latest
#42 unpacking to docker.io/library/empathic-avatar-avatar-worker:latest 46.6s done
#42 DONE 168.5s

#43 [avatar-worker] resolving provenance for metadata file
#43 DONE 0.0s
